sorivma@ubuntu:~/lab$ uname -a
Linux ubuntu 6.8.0-60-generic #63-Ubuntu SMP PREEMPT_DYNAMIC x86_64 GNU/Linux

sorivma@ubuntu:~/lab$ ip addr show eth0
2: eth0: <BROADCAST,MULTICAST,UP,LOWER_UP> mtu 1500 qdisc fq_codel state UP group default qlen 1000
    inet 192.168.56.12/24 brd 192.168.56.255 scope global dynamic noprefixroute eth0
    valid_lft 3561sec preferred_lft 3561sec

sorivma@ubuntu:~/lab$ docker compose up -d
[+] Running 5/5
 ✔ Network lab_default        Created                                           0.1s
 ✔ Container lab-postgres-1   Started                                           1.2s
 ✔ Container lab-redis-1      Started                                           1.1s
 ✔ Container lab-api-1        Started                                           2.4s
 ✔ Container lab-nginx-1      Started                                           2.8s

sorivma@ubuntu:~/lab$ terraform init
Initializing the backend...
Initializing provider plugins...
- Finding hashicorp/null versions matching ">= 3.0.0"...
- Installing hashicorp/null v3.2.4...
- Installed hashicorp/null v3.2.4 (signed by HashiCorp)
Terraform has been successfully initialized!

sorivma@ubuntu:~/lab$ terraform plan
Terraform used the selected providers to generate the following execution plan.
Resource actions are indicated with the following symbols:
  + create

Terraform will perform the following actions:

  # null_resource.lab will be created
  + resource "null_resource" "lab" {
      + id       = (known after apply)
      + triggers = {
          + "service" = "console-gen"
          + "version" = "0.1.0"
        }
    }

Plan: 1 to add, 0 to change, 0 to destroy.

sorivma@ubuntu:~/lab$ terraform apply -auto-approve
null_resource.lab: Creating...
null_resource.lab: Creation complete after 1s [id=779381903538921691]

Apply complete! Resources: 1 added, 0 changed, 0 destroyed.

sorivma@ubuntu:~/lab$ pytest -q
tests/test_ansi.py ...                                                    [ 30%]
tests/test_renderer.py .......                                            [100%]

10 passed in 0.08s

sorivma@ubuntu:~/lab$ curl -I http://localhost:8080/health
HTTP/1.1 200 OK
Server: nginx/1.26.0
Content-Type: application/json
Content-Length: 15
Connection: keep-alive

sorivma@ubuntu:~/lab$ ansible-playbook site.yml --check

PLAY [Configure laboratory VM] *************************************************

TASK [Gathering Facts] *********************************************************
ok: [ubuntu]

TASK [Install packages] ********************************************************
changed: [ubuntu] => (item=nginx)
changed: [ubuntu] => (item=postgresql-client)
changed: [ubuntu] => (item=python3-venv)

TASK [Render service config] ***************************************************
ok: [ubuntu]

TASK [Validate service response] ***********************************************
ok: [ubuntu] => {
    "msg": "health check passed"
}

PLAY RECAP *********************************************************************
ubuntu                     : ok=5    changed=1    unreachable=0    failed=0    skipped=0    rescued=0    ignored=0
